[14:45:17] [ServerMain/INFO]: Environment: Environment[sessionHost=https://sessionserver.mojang.com, servicesHost=https://api.minecraftservices.com, name=PROD]
[14:45:20] [ServerMain/INFO]: Loaded 1290 recipes
[14:45:20] [ServerMain/INFO]: Loaded 1399 advancements
[14:45:21] [Server thread/INFO]: Starting minecraft server version 1.21
[14:45:21] [Server thread/INFO]: Loading properties
[14:45:21] [Server thread/INFO]: Default game type: SURVIVAL
[14:45:21] [Server thread/INFO]: Generating keypair
[14:45:21] [Server thread/INFO]: Starting Minecraft server on *:25565
[14:45:21] [Server thread/INFO]: Using epoll channel type
[14:45:22] [Server thread/WARN]: **** SERVER IS RUNNING IN OFFLINE/INSECURE MODE!
[14:45:22] [Server thread/WARN]: The server will make no attempt to authenticate usernames. Beware.
[14:45:22] [Server thread/WARN]: While this makes the game possible to play without internet access, it also opens up the ability for hackers to connect with any username they choose.
[14:45:22] [Server thread/WARN]: To change this, set "online-mode" to "true" in the server.properties file.
[14:45:22] [Server thread/INFO]: Preparing level "world"
[14:45:28] [Server thread/INFO]: Preparing start region for dimension minecraft:overworld
[14:45:28] [Worker-Main-1/INFO]: Preparing spawn area: 0%
[14:45:28] [Worker-Main-1/INFO]: Preparing spawn area: 0%
[14:45:29] [Worker-Main-1/INFO]: Preparing spawn area: 18%
[14:45:29] [Server thread/INFO]: Time elapsed: 1432 ms
[14:45:29] [Server thread/INFO]: Done (7.361s)! For help, type "help"
[15:04:59] [Server thread/INFO]: Naannoo[/100.117.0.58:51633] logged in with entity id 13 at (-392.6045567405222, 63.0, 293.9335257974298)
[15:04:59] [Server thread/INFO]: Naannoo joined the game
[15:08:28] [Server thread/INFO]: Naannoo has made the advancement [Monster Hunter]
[15:17:00] [Server thread/INFO]: Naannoo has made the advancement [Isn't It Iron Pick]
[15:19:05] [Server thread/INFO]: Naannoo has made the advancement [Diamonds!]
[15:19:22] [Server thread/INFO]: Naannoo has made the advancement [Sneak 100]
[15:22:01] [Server thread/INFO]: Naannoo has made the advancement [Not Today, Thank You]
[15:40:52] [Server thread/INFO]: Naannoo has made the advancement [Suit Up]
[15:44:02] [Server thread/INFO]: Naannoo lost connection: Disconnected
[15:44:02] [Server thread/INFO]: Naannoo left the game
